src/middlewares/authenticated.ts(4,10): error TS2305: Module '"../utils/auth"' has no exported member 'verifyToken'.
